============================= test session starts ==============================
platform darwin -- Python 3.14.3, pytest-9.0.2, pluggy-1.6.0
rootdir: /Users/zhoujiaangyao/zhoujiangyao/AI/jackmouse-ai/agent-collab-console/backend
configfile: pytest.ini
plugins: anyio-4.12.1, asyncio-1.3.0, langsmith-0.7.17
asyncio: mode=Mode.AUTO, debug=False, asyncio_default_fixture_loop_scope=session, asyncio_default_test_loop_scope=function
collected 0 items

============================ no tests ran in 0.01s =============================
